---
source: lsp4spl/src/features/tests/completion.rs
expression: result
---
[
    "type: int",
]
