---
source: lsp4spl/src/features/tests/formatting.rs
expression: result
---
type a = int;

